// Jest Snapshot v1, https://goo.gl/fbAQLP

exports[`Common render should render correctly without crash 1`] = `
<div
  className="verifyWrap"
  onMouseMove={[Function]}
  onMouseUp={[Function]}
  onTouchEnd={[Function]}
  onTouchMove={[Function]}
  style={
    {
      "display": "",
      "margin": "0 auto",
      "width": "320px",
    }
  }
>
  <div
    className="canvasArea"
  >
    <canvas
      height={160}
      width={320}
    />
    <canvas
      className="block"
      height={160}
      onMouseDown={[Function]}
      onTouchStart={[Function]}
      width={320}
    />
  </div>
  <div
    className="sliderContainer"
    style={
      {
        "pointerEvents": "auto",
        "width": "320px",
      }
    }
  >
    <div
      className="sliderMask"
      style={
        {
          "width": "0px",
        }
      }
    >
      <div
        className="slider"
        onMouseDown={[Function]}
        onTouchStart={[Function]}
        style={
          {
            "left": "0px",
          }
        }
      >
        <div
          className="sliderIcon"
        >
          →
        </div>
      </div>
    </div>
    <div
      className="sliderText"
    />
  </div>
  <div
    className="refreshIcon"
    onClick={[Function]}
    style={
      {
        "backgroundImage": "url(https://raw.githubusercontent.com/venkatmcajj/react-slider-verify/master/docs/icon12.png)",
      }
    }
  />
  <div
    className="loadingContainer"
    style={
      {
        "display": "none",
        "height": "160px",
        "width": "320px",
      }
    }
  >
    <div
      className="loadingIcon"
    />
    <span>
      Loading...
    </span>
  </div>
</div>
`;
